exports[`App Component Main renders routes inside Main 1`] = `
<main
  className="src-app-components-App-App-module-content">
  <Switch>
    <CodeSplitRoute
      exact={true}
      load={[Function load]}
      path="/" />
    <CodeSplitRoute
      load={[Function load]}
      path="/bar" />
    <CodeSplitRoute
      load={[Function load]}
      path="/oops" />
    <CodeSplitRoute
      load={[Function load]}
      path="/private" />
    <CodeSplitRoute
      load={[Function load]} />
  </Switch>
</main>
`;
