// Jest Snapshot v1, https://goo.gl/fbAQLP

exports[`OopsRoute Component matches snapshot 1`] = `
<Fragment>
  <Helmet
    defer={false}
    encodeSpecialCharacters={true}
  >
    <title>
      Oopsies
    </title>
  </Helmet>
  <section
    className="OopsRoute"
  >
    <h2>
      There was a problem
    </h2>
    <p>
      Something went oops, oh no!
    </p>
    <p>
      We need to fix it, but this is an example.
    </p>
    <p>
      Your developers and managers should change this page :)
    </p>
  </section>
</Fragment>
`;
