// Jest Snapshot v1, https://goo.gl/fbAQLP

exports[`BarRoute Component matches snapshot 1`] = `
<Fragment>
  <Helmet
    defer={false}
    encodeSpecialCharacters={true}
  >
    <title>
      Bar
    </title>
  </Helmet>
  <section
    className="BarRoute"
  >
    <h2>
      The Bar Route!
    </h2>
    <p>
      API request to the 
      <code>
        /api/bar
      </code>
       endpoint.
    </p>
    <div
      aria-live="polite"
      className="src-app-routes-BarRoute-BarRoute-module-block"
    />
  </section>
</Fragment>
`;
