exports[`BarRoute Component matches snapshot 1`] = `
<section
  className="BarRoute">
  <HelmetWrapper
    encodeSpecialCharacters={true}>
    <title>
      Bar
    </title>
  </HelmetWrapper>
  <h3>
    Bar
  </h3>
  <p>
    This route is making an api request
  </p>
  <p>
    If you change the response from 
    <code>
      server/api/bar
    </code>
     endpoint
  </p>
  <p>
    And then navigate away and back to this route, you\'ll see the changes immediately
  </p>
  <div
    className="src-app-routes-BarRoute-BarRoute-module-block" />
</section>
`;
