// Jest Snapshot v1, https://goo.gl/fbAQLP

exports[`NotFoundRoute Component matches snapshot 1`] = `
<section
  className="NotFoundRoute"
>
  <HelmetWrapper
    defer={true}
    encodeSpecialCharacters={true}
  >
    <title>
      Doesn't exist
    </title>
  </HelmetWrapper>
  404, page not found
</section>
`;
