// Jest Snapshot v1, https://goo.gl/fbAQLP

exports[`NotFoundRoute Component matches snapshot 1`] = `
<Fragment>
  <HelmetWrapper
    defer={false}
    encodeSpecialCharacters={true}
  >
    <title>
      Doesn't exist
    </title>
  </HelmetWrapper>
  <section
    className="NotFoundRoute"
  >
    <h2>
      404
    </h2>
    <p>
      Page not found!
    </p>
  </section>
</Fragment>
`;
